17:35:43 **** Build of configuration Debug for project td3_ega_2024 ****
make -j4 all 
arm-none-eabi-gcc "../Drivers/STM32F1xx_HAL_Driver/Src/stm32f1xx_hal.c" -mcpu=cortex-m3 -std=gnu11 -g3 -DDEBUG -DUSE_HAL_DRIVER -DSTM32F103xB -c -I../Core/Inc -I../Drivers/STM32F1xx_HAL_Driver/Inc -I../Drivers/STM32F1xx_HAL_Driver/Inc/Legacy -I../Drivers/CMSIS/Device/ST/STM32F1xx/Include -I../Drivers/CMSIS/Include -I"C:/Users/germa/Documents/TD3 2024/TD3_egb_2024/WorkspacePruebas/FreeRTOS/Inc" -O0 -ffunction-sections -fdata-sections -Wall -fstack-usage -MMD -MP -MF"Drivers/STM32F1xx_HAL_Driver/Src/stm32f1xx_hal.d" -MT"Drivers/STM32F1xx_HAL_Driver/Src/stm32f1xx_hal.o" --specs=nano.specs -mfloat-abi=soft -mthumb -o "Drivers/STM32F1xx_HAL_Driver/Src/stm32f1xx_hal.o"
arm-none-eabi-gcc "../Drivers/STM32F1xx_HAL_Driver/Src/stm32f1xx_hal_cortex.c" -mcpu=cortex-m3 -std=gnu11 -g3 -DDEBUG -DUSE_HAL_DRIVER -DSTM32F103xB -c -I../Core/Inc -I../Drivers/STM32F1xx_HAL_Driver/Inc -I../Drivers/STM32F1xx_HAL_Driver/Inc/Legacy -I../Drivers/CMSIS/Device/ST/STM32F1xx/Include -I../Drivers/CMSIS/Include -I"C:/Users/germa/Documents/TD3 2024/TD3_egb_2024/WorkspacePruebas/FreeRTOS/Inc" -O0 -ffunction-sections -fdata-sections -Wall -fstack-usage -MMD -MP -MF"Drivers/STM32F1xx_HAL_Driver/Src/stm32f1xx_hal_cortex.d" -MT"Drivers/STM32F1xx_HAL_Driver/Src/stm32f1xx_hal_cortex.o" --specs=nano.specs -mfloat-abi=soft -mthumb -o "Drivers/STM32F1xx_HAL_Driver/Src/stm32f1xx_hal_cortex.o"
arm-none-eabi-gcc "../Drivers/STM32F1xx_HAL_Driver/Src/stm32f1xx_hal_dma.c" -mcpu=cortex-m3 -std=gnu11 -g3 -DDEBUG -DUSE_HAL_DRIVER -DSTM32F103xB -c -I../Core/Inc -I../Drivers/STM32F1xx_HAL_Driver/Inc -I../Drivers/STM32F1xx_HAL_Driver/Inc/Legacy -I../Drivers/CMSIS/Device/ST/STM32F1xx/Include -I../Drivers/CMSIS/Include -I"C:/Users/germa/Documents/TD3 2024/TD3_egb_2024/WorkspacePruebas/FreeRTOS/Inc" -O0 -ffunction-sections -fdata-sections -Wall -fstack-usage -MMD -MP -MF"Drivers/STM32F1xx_HAL_Driver/Src/stm32f1xx_hal_dma.d" -MT"Drivers/STM32F1xx_HAL_Driver/Src/stm32f1xx_hal_dma.o" --specs=nano.specs -mfloat-abi=soft -mthumb -o "Drivers/STM32F1xx_HAL_Driver/Src/stm32f1xx_hal_dma.o"
arm-none-eabi-gcc "../Drivers/STM32F1xx_HAL_Driver/Src/stm32f1xx_hal_exti.c" -mcpu=cortex-m3 -std=gnu11 -g3 -DDEBUG -DUSE_HAL_DRIVER -DSTM32F103xB -c -I../Core/Inc -I../Drivers/STM32F1xx_HAL_Driver/Inc -I../Drivers/STM32F1xx_HAL_Driver/Inc/Legacy -I../Drivers/CMSIS/Device/ST/STM32F1xx/Include -I../Drivers/CMSIS/Include -I"C:/Users/germa/Documents/TD3 2024/TD3_egb_2024/WorkspacePruebas/FreeRTOS/Inc" -O0 -ffunction-sections -fdata-sections -Wall -fstack-usage -MMD -MP -MF"Drivers/STM32F1xx_HAL_Driver/Src/stm32f1xx_hal_exti.d" -MT"Drivers/STM32F1xx_HAL_Driver/Src/stm32f1xx_hal_exti.o" --specs=nano.specs -mfloat-abi=soft -mthumb -o "Drivers/STM32F1xx_HAL_Driver/Src/stm32f1xx_hal_exti.o"
arm-none-eabi-gcc "../Drivers/STM32F1xx_HAL_Driver/Src/stm32f1xx_hal_flash.c" -mcpu=cortex-m3 -std=gnu11 -g3 -DDEBUG -DUSE_HAL_DRIVER -DSTM32F103xB -c -I../Core/Inc -I../Drivers/STM32F1xx_HAL_Driver/Inc -I../Drivers/STM32F1xx_HAL_Driver/Inc/Legacy -I../Drivers/CMSIS/Device/ST/STM32F1xx/Include -I../Drivers/CMSIS/Include -I"C:/Users/germa/Documents/TD3 2024/TD3_egb_2024/WorkspacePruebas/FreeRTOS/Inc" -O0 -ffunction-sections -fdata-sections -Wall -fstack-usage -MMD -MP -MF"Drivers/STM32F1xx_HAL_Driver/Src/stm32f1xx_hal_flash.d" -MT"Drivers/STM32F1xx_HAL_Driver/Src/stm32f1xx_hal_flash.o" --specs=nano.specs -mfloat-abi=soft -mthumb -o "Drivers/STM32F1xx_HAL_Driver/Src/stm32f1xx_hal_flash.o"
arm-none-eabi-gcc "../Drivers/STM32F1xx_HAL_Driver/Src/stm32f1xx_hal_flash_ex.c" -mcpu=cortex-m3 -std=gnu11 -g3 -DDEBUG -DUSE_HAL_DRIVER -DSTM32F103xB -c -I../Core/Inc -I../Drivers/STM32F1xx_HAL_Driver/Inc -I../Drivers/STM32F1xx_HAL_Driver/Inc/Legacy -I../Drivers/CMSIS/Device/ST/STM32F1xx/Include -I../Drivers/CMSIS/Include -I"C:/Users/germa/Documents/TD3 2024/TD3_egb_2024/WorkspacePruebas/FreeRTOS/Inc" -O0 -ffunction-sections -fdata-sections -Wall -fstack-usage -MMD -MP -MF"Drivers/STM32F1xx_HAL_Driver/Src/stm32f1xx_hal_flash_ex.d" -MT"Drivers/STM32F1xx_HAL_Driver/Src/stm32f1xx_hal_flash_ex.o" --specs=nano.specs -mfloat-abi=soft -mthumb -o "Drivers/STM32F1xx_HAL_Driver/Src/stm32f1xx_hal_flash_ex.o"
arm-none-eabi-gcc "../Drivers/STM32F1xx_HAL_Driver/Src/stm32f1xx_hal_gpio.c" -mcpu=cortex-m3 -std=gnu11 -g3 -DDEBUG -DUSE_HAL_DRIVER -DSTM32F103xB -c -I../Core/Inc -I../Drivers/STM32F1xx_HAL_Driver/Inc -I../Drivers/STM32F1xx_HAL_Driver/Inc/Legacy -I../Drivers/CMSIS/Device/ST/STM32F1xx/Include -I../Drivers/CMSIS/Include -I"C:/Users/germa/Documents/TD3 2024/TD3_egb_2024/WorkspacePruebas/FreeRTOS/Inc" -O0 -ffunction-sections -fdata-sections -Wall -fstack-usage -MMD -MP -MF"Drivers/STM32F1xx_HAL_Driver/Src/stm32f1xx_hal_gpio.d" -MT"Drivers/STM32F1xx_HAL_Driver/Src/stm32f1xx_hal_gpio.o" --specs=nano.specs -mfloat-abi=soft -mthumb -o "Drivers/STM32F1xx_HAL_Driver/Src/stm32f1xx_hal_gpio.o"
arm-none-eabi-gcc "../Drivers/STM32F1xx_HAL_Driver/Src/stm32f1xx_hal_gpio_ex.c" -mcpu=cortex-m3 -std=gnu11 -g3 -DDEBUG -DUSE_HAL_DRIVER -DSTM32F103xB -c -I../Core/Inc -I../Drivers/STM32F1xx_HAL_Driver/Inc -I../Drivers/STM32F1xx_HAL_Driver/Inc/Legacy -I../Drivers/CMSIS/Device/ST/STM32F1xx/Include -I../Drivers/CMSIS/Include -I"C:/Users/germa/Documents/TD3 2024/TD3_egb_2024/WorkspacePruebas/FreeRTOS/Inc" -O0 -ffunction-sections -fdata-sections -Wall -fstack-usage -MMD -MP -MF"Drivers/STM32F1xx_HAL_Driver/Src/stm32f1xx_hal_gpio_ex.d" -MT"Drivers/STM32F1xx_HAL_Driver/Src/stm32f1xx_hal_gpio_ex.o" --specs=nano.specs -mfloat-abi=soft -mthumb -o "Drivers/STM32F1xx_HAL_Driver/Src/stm32f1xx_hal_gpio_ex.o"
arm-none-eabi-gcc "../Drivers/STM32F1xx_HAL_Driver/Src/stm32f1xx_hal_i2c.c" -mcpu=cortex-m3 -std=gnu11 -g3 -DDEBUG -DUSE_HAL_DRIVER -DSTM32F103xB -c -I../Core/Inc -I../Drivers/STM32F1xx_HAL_Driver/Inc -I../Drivers/STM32F1xx_HAL_Driver/Inc/Legacy -I../Drivers/CMSIS/Device/ST/STM32F1xx/Include -I../Drivers/CMSIS/Include -I"C:/Users/germa/Documents/TD3 2024/TD3_egb_2024/WorkspacePruebas/FreeRTOS/Inc" -O0 -ffunction-sections -fdata-sections -Wall -fstack-usage -MMD -MP -MF"Drivers/STM32F1xx_HAL_Driver/Src/stm32f1xx_hal_i2c.d" -MT"Drivers/STM32F1xx_HAL_Driver/Src/stm32f1xx_hal_i2c.o" --specs=nano.specs -mfloat-abi=soft -mthumb -o "Drivers/STM32F1xx_HAL_Driver/Src/stm32f1xx_hal_i2c.o"
arm-none-eabi-gcc "../Drivers/STM32F1xx_HAL_Driver/Src/stm32f1xx_hal_pwr.c" -mcpu=cortex-m3 -std=gnu11 -g3 -DDEBUG -DUSE_HAL_DRIVER -DSTM32F103xB -c -I../Core/Inc -I../Drivers/STM32F1xx_HAL_Driver/Inc -I../Drivers/STM32F1xx_HAL_Driver/Inc/Legacy -I../Drivers/CMSIS/Device/ST/STM32F1xx/Include -I../Drivers/CMSIS/Include -I"C:/Users/germa/Documents/TD3 2024/TD3_egb_2024/WorkspacePruebas/FreeRTOS/Inc" -O0 -ffunction-sections -fdata-sections -Wall -fstack-usage -MMD -MP -MF"Drivers/STM32F1xx_HAL_Driver/Src/stm32f1xx_hal_pwr.d" -MT"Drivers/STM32F1xx_HAL_Driver/Src/stm32f1xx_hal_pwr.o" --specs=nano.specs -mfloat-abi=soft -mthumb -o "Drivers/STM32F1xx_HAL_Driver/Src/stm32f1xx_hal_pwr.o"
arm-none-eabi-gcc "../Drivers/STM32F1xx_HAL_Driver/Src/stm32f1xx_hal_rcc.c" -mcpu=cortex-m3 -std=gnu11 -g3 -DDEBUG -DUSE_HAL_DRIVER -DSTM32F103xB -c -I../Core/Inc -I../Drivers/STM32F1xx_HAL_Driver/Inc -I../Drivers/STM32F1xx_HAL_Driver/Inc/Legacy -I../Drivers/CMSIS/Device/ST/STM32F1xx/Include -I../Drivers/CMSIS/Include -I"C:/Users/germa/Documents/TD3 2024/TD3_egb_2024/WorkspacePruebas/FreeRTOS/Inc" -O0 -ffunction-sections -fdata-sections -Wall -fstack-usage -MMD -MP -MF"Drivers/STM32F1xx_HAL_Driver/Src/stm32f1xx_hal_rcc.d" -MT"Drivers/STM32F1xx_HAL_Driver/Src/stm32f1xx_hal_rcc.o" --specs=nano.specs -mfloat-abi=soft -mthumb -o "Drivers/STM32F1xx_HAL_Driver/Src/stm32f1xx_hal_rcc.o"
arm-none-eabi-gcc "../Drivers/STM32F1xx_HAL_Driver/Src/stm32f1xx_hal_rcc_ex.c" -mcpu=cortex-m3 -std=gnu11 -g3 -DDEBUG -DUSE_HAL_DRIVER -DSTM32F103xB -c -I../Core/Inc -I../Drivers/STM32F1xx_HAL_Driver/Inc -I../Drivers/STM32F1xx_HAL_Driver/Inc/Legacy -I../Drivers/CMSIS/Device/ST/STM32F1xx/Include -I../Drivers/CMSIS/Include -I"C:/Users/germa/Documents/TD3 2024/TD3_egb_2024/WorkspacePruebas/FreeRTOS/Inc" -O0 -ffunction-sections -fdata-sections -Wall -fstack-usage -MMD -MP -MF"Drivers/STM32F1xx_HAL_Driver/Src/stm32f1xx_hal_rcc_ex.d" -MT"Drivers/STM32F1xx_HAL_Driver/Src/stm32f1xx_hal_rcc_ex.o" --specs=nano.specs -mfloat-abi=soft -mthumb -o "Drivers/STM32F1xx_HAL_Driver/Src/stm32f1xx_hal_rcc_ex.o"
arm-none-eabi-gcc "../Drivers/STM32F1xx_HAL_Driver/Src/stm32f1xx_hal_tim.c" -mcpu=cortex-m3 -std=gnu11 -g3 -DDEBUG -DUSE_HAL_DRIVER -DSTM32F103xB -c -I../Core/Inc -I../Drivers/STM32F1xx_HAL_Driver/Inc -I../Drivers/STM32F1xx_HAL_Driver/Inc/Legacy -I../Drivers/CMSIS/Device/ST/STM32F1xx/Include -I../Drivers/CMSIS/Include -I"C:/Users/germa/Documents/TD3 2024/TD3_egb_2024/WorkspacePruebas/FreeRTOS/Inc" -O0 -ffunction-sections -fdata-sections -Wall -fstack-usage -MMD -MP -MF"Drivers/STM32F1xx_HAL_Driver/Src/stm32f1xx_hal_tim.d" -MT"Drivers/STM32F1xx_HAL_Driver/Src/stm32f1xx_hal_tim.o" --specs=nano.specs -mfloat-abi=soft -mthumb -o "Drivers/STM32F1xx_HAL_Driver/Src/stm32f1xx_hal_tim.o"
arm-none-eabi-gcc "../Drivers/STM32F1xx_HAL_Driver/Src/stm32f1xx_hal_tim_ex.c" -mcpu=cortex-m3 -std=gnu11 -g3 -DDEBUG -DUSE_HAL_DRIVER -DSTM32F103xB -c -I../Core/Inc -I../Drivers/STM32F1xx_HAL_Driver/Inc -I../Drivers/STM32F1xx_HAL_Driver/Inc/Legacy -I../Drivers/CMSIS/Device/ST/STM32F1xx/Include -I../Drivers/CMSIS/Include -I"C:/Users/germa/Documents/TD3 2024/TD3_egb_2024/WorkspacePruebas/FreeRTOS/Inc" -O0 -ffunction-sections -fdata-sections -Wall -fstack-usage -MMD -MP -MF"Drivers/STM32F1xx_HAL_Driver/Src/stm32f1xx_hal_tim_ex.d" -MT"Drivers/STM32F1xx_HAL_Driver/Src/stm32f1xx_hal_tim_ex.o" --specs=nano.specs -mfloat-abi=soft -mthumb -o "Drivers/STM32F1xx_HAL_Driver/Src/stm32f1xx_hal_tim_ex.o"
arm-none-eabi-gcc -mcpu=cortex-m3 -g3 -c -x assembler-with-cpp -MMD -MP -MF"Core/Startup/startup_stm32f103c8tx.d" -MT"Core/Startup/startup_stm32f103c8tx.o" --specs=nano.specs -mfloat-abi=soft -mthumb -o "Core/Startup/startup_stm32f103c8tx.o" "../Core/Startup/startup_stm32f103c8tx.s"
arm-none-eabi-gcc "../Core/Src/FlASH_PAGE_F1.c" -mcpu=cortex-m3 -std=gnu11 -g3 -DDEBUG -DUSE_HAL_DRIVER -DSTM32F103xB -c -I../Core/Inc -I../Drivers/STM32F1xx_HAL_Driver/Inc -I../Drivers/STM32F1xx_HAL_Driver/Inc/Legacy -I../Drivers/CMSIS/Device/ST/STM32F1xx/Include -I../Drivers/CMSIS/Include -I"C:/Users/germa/Documents/TD3 2024/TD3_egb_2024/WorkspacePruebas/FreeRTOS/Inc" -O0 -ffunction-sections -fdata-sections -Wall -fstack-usage -MMD -MP -MF"Core/Src/FlASH_PAGE_F1.d" -MT"Core/Src/FlASH_PAGE_F1.o" --specs=nano.specs -mfloat-abi=soft -mthumb -o "Core/Src/FlASH_PAGE_F1.o"
arm-none-eabi-gcc "../Core/Src/liquidcrystal_i2c.c" -mcpu=cortex-m3 -std=gnu11 -g3 -DDEBUG -DUSE_HAL_DRIVER -DSTM32F103xB -c -I../Core/Inc -I../Drivers/STM32F1xx_HAL_Driver/Inc -I../Drivers/STM32F1xx_HAL_Driver/Inc/Legacy -I../Drivers/CMSIS/Device/ST/STM32F1xx/Include -I../Drivers/CMSIS/Include -I"C:/Users/germa/Documents/TD3 2024/TD3_egb_2024/WorkspacePruebas/FreeRTOS/Inc" -O0 -ffunction-sections -fdata-sections -Wall -fstack-usage -MMD -MP -MF"Core/Src/liquidcrystal_i2c.d" -MT"Core/Src/liquidcrystal_i2c.o" --specs=nano.specs -mfloat-abi=soft -mthumb -o "Core/Src/liquidcrystal_i2c.o"
arm-none-eabi-gcc "../Core/Src/main.c" -mcpu=cortex-m3 -std=gnu11 -g3 -DDEBUG -DUSE_HAL_DRIVER -DSTM32F103xB -c -I../Core/Inc -I../Drivers/STM32F1xx_HAL_Driver/Inc -I../Drivers/STM32F1xx_HAL_Driver/Inc/Legacy -I../Drivers/CMSIS/Device/ST/STM32F1xx/Include -I../Drivers/CMSIS/Include -I"C:/Users/germa/Documents/TD3 2024/TD3_egb_2024/WorkspacePruebas/FreeRTOS/Inc" -O0 -ffunction-sections -fdata-sections -Wall -fstack-usage -MMD -MP -MF"Core/Src/main.d" -MT"Core/Src/main.o" --specs=nano.specs -mfloat-abi=soft -mthumb -o "Core/Src/main.o"
arm-none-eabi-gcc "../Core/Src/stm32f1xx_hal_msp.c" -mcpu=cortex-m3 -std=gnu11 -g3 -DDEBUG -DUSE_HAL_DRIVER -DSTM32F103xB -c -I../Core/Inc -I../Drivers/STM32F1xx_HAL_Driver/Inc -I../Drivers/STM32F1xx_HAL_Driver/Inc/Legacy -I../Drivers/CMSIS/Device/ST/STM32F1xx/Include -I../Drivers/CMSIS/Include -I"C:/Users/germa/Documents/TD3 2024/TD3_egb_2024/WorkspacePruebas/FreeRTOS/Inc" -O0 -ffunction-sections -fdata-sections -Wall -fstack-usage -MMD -MP -MF"Core/Src/stm32f1xx_hal_msp.d" -MT"Core/Src/stm32f1xx_hal_msp.o" --specs=nano.specs -mfloat-abi=soft -mthumb -o "Core/Src/stm32f1xx_hal_msp.o"
arm-none-eabi-gcc "../Core/Src/stm32f1xx_hal_timebase_tim.c" -mcpu=cortex-m3 -std=gnu11 -g3 -DDEBUG -DUSE_HAL_DRIVER -DSTM32F103xB -c -I../Core/Inc -I../Drivers/STM32F1xx_HAL_Driver/Inc -I../Drivers/STM32F1xx_HAL_Driver/Inc/Legacy -I../Drivers/CMSIS/Device/ST/STM32F1xx/Include -I../Drivers/CMSIS/Include -I"C:/Users/germa/Documents/TD3 2024/TD3_egb_2024/WorkspacePruebas/FreeRTOS/Inc" -O0 -ffunction-sections -fdata-sections -Wall -fstack-usage -MMD -MP -MF"Core/Src/stm32f1xx_hal_timebase_tim.d" -MT"Core/Src/stm32f1xx_hal_timebase_tim.o" --specs=nano.specs -mfloat-abi=soft -mthumb -o "Core/Src/stm32f1xx_hal_timebase_tim.o"
arm-none-eabi-gcc "../Core/Src/stm32f1xx_it.c" -mcpu=cortex-m3 -std=gnu11 -g3 -DDEBUG -DUSE_HAL_DRIVER -DSTM32F103xB -c -I../Core/Inc -I../Drivers/STM32F1xx_HAL_Driver/Inc -I../Drivers/STM32F1xx_HAL_Driver/Inc/Legacy -I../Drivers/CMSIS/Device/ST/STM32F1xx/Include -I../Drivers/CMSIS/Include -I"C:/Users/germa/Documents/TD3 2024/TD3_egb_2024/WorkspacePruebas/FreeRTOS/Inc" -O0 -ffunction-sections -fdata-sections -Wall -fstack-usage -MMD -MP -MF"Core/Src/stm32f1xx_it.d" -MT"Core/Src/stm32f1xx_it.o" --specs=nano.specs -mfloat-abi=soft -mthumb -o "Core/Src/stm32f1xx_it.o"
In file included from ../Core/Src/main.c:20:
arm-none-eabi-gcc "../Core/Src/syscalls.c" -mcpu=cortex-m3 -std=gnu11 -g3 -DDEBUG -DUSE_HAL_DRIVER -DSTM32F103xB -c -I../Core/Inc -I../Drivers/STM32F1xx_HAL_Driver/Inc -I../Drivers/STM32F1xx_HAL_Driver/Inc/Legacy -I../Drivers/CMSIS/Device/ST/STM32F1xx/Include -I../Drivers/CMSIS/Include -I"C:/Users/germa/Documents/TD3 2024/TD3_egb_2024/WorkspacePruebas/FreeRTOS/Inc" -O0 -ffunction-sections -fdata-sections -Wall -fstack-usage -MMD -MP -MF"Core/Src/syscalls.d" -MT"Core/Src/syscalls.o" --specs=nano.specs -mfloat-abi=soft -mthumb -o "Core/Src/syscalls.o"
../Core/Inc/common.h:135:50: warning: useless storage class specifier in empty declaration
  135 | typedef enum function {None,chequearClaveUsuario,chequearClaveMaestro};
      |                                                  ^~~~~~~~~~~~~~~~~~~~
In file included from ../Core/Src/main.c:23:
../Core/Inc/menu.h: In function 'MEN_Aceptar':
../Core/Inc/menu.h:80:6: warning: implicit declaration of function 'execute_Function' [-Wimplicit-function-declaration]
   80 |      execute_Function((*currentNode)->func_Aceptar);
      |      ^~~~~~~~~~~~~~~~
../Core/Src/main.c: In function 'display_Print':
../Core/Src/main.c:119:16: warning: pointer targets in passing argument 1 of 'strcpy' differ in signedness [-Wpointer-sign]
  119 |  strcpy(display.linea1, linea1);
      |         ~~~~~~~^~~~~~~
      |                |
      |                uint8_t * {aka unsigned char *}
In file included from ../Core/Src/main.c:19:
c:\program files (x86)\stm32cubeide_1.6.1\stm32cubeide\plugins\com.st.stm32cube.ide.mcu.externaltools.gnu-tools-for-stm32.9-2020-q2-update.win32_1.5.0.202011040924\tools\arm-none-eabi\include\string.h:38:8: note: expected 'char * restrict' but argument is of type 'uint8_t *' {aka 'unsigned char *'}
   38 | char  *strcpy (char *__restrict, const char *__restrict);
      |        ^~~~~~
../Core/Src/main.c:120:16: warning: pointer targets in passing argument 1 of 'strcpy' differ in signedness [-Wpointer-sign]
  120 |  strcpy(display.linea2, linea2);
      |         ~~~~~~~^~~~~~~
      |                |
      |                uint8_t * {aka unsigned char *}
In file included from ../Core/Src/main.c:19:
c:\program files (x86)\stm32cubeide_1.6.1\stm32cubeide\plugins\com.st.stm32cube.ide.mcu.externaltools.gnu-tools-for-stm32.9-2020-q2-update.win32_1.5.0.202011040924\tools\arm-none-eabi\include\string.h:38:8: note: expected 'char * restrict' but argument is of type 'uint8_t *' {aka 'unsigned char *'}
   38 | char  *strcpy (char *__restrict, const char *__restrict);
      |        ^~~~~~
../Core/Src/main.c: In function 't_Menu':
../Core/Src/main.c:315:35: warning: format '%u' expects argument of type 'unsigned int', but argument 3 has type 'uint32_t' {aka 'long unsigned int'} [-Wformat=]
  315 |         sprintf(lcdStr, "Usuario %u libre", i);
      |                                  ~^         ~
      |                                   |         |
      |                                   |         uint32_t {aka long unsigned int}
      |                                   unsigned int
      |                                  %lu
../Core/Src/main.c:326:34: warning: format '%u' expects argument of type 'unsigned int', but argument 3 has type 'uint32_t' {aka 'long unsigned int'} [-Wformat=]
  326 |        sprintf(lcdStr, "Usuario %u", i);
      |                                 ~^   ~
      |                                  |   |
      |                                  |   uint32_t {aka long unsigned int}
      |                                  unsigned int
      |                                 %lu
../Core/Src/main.c:359:34: warning: format '%u' expects argument of type 'unsigned int', but argument 3 has type 'uint32_t' {aka 'long unsigned int'} [-Wformat=]
  359 |        sprintf(lcdStr, "Usuario %u", currentM->userNo);
      |                                 ~^   ~~~~~~~~~~~~~~~~
      |                                  |           |
      |                                  |           uint32_t {aka long unsigned int}
      |                                  unsigned int
      |                                 %lu
../Core/Src/main.c: In function 't_Display':
../Core/Src/main.c:400:20: warning: pointer targets in passing argument 1 of 'strcmp' differ in signedness [-Wpointer-sign]
  400 |   if(strcmp(display.linea1,"\0") != 0) strcpy(lastRow1, display.linea1);
      |             ~~~~~~~^~~~~~~
      |                    |
      |                    uint8_t * {aka unsigned char *}
In file included from ../Core/Src/main.c:19:
c:\program files (x86)\stm32cubeide_1.6.1\stm32cubeide\plugins\com.st.stm32cube.ide.mcu.externaltools.gnu-tools-for-stm32.9-2020-q2-update.win32_1.5.0.202011040924\tools\arm-none-eabi\include\string.h:36:14: note: expected 'const char *' but argument is of type 'uint8_t *' {aka 'unsigned char *'}
   36 | int  strcmp (const char *, const char *);
      |              ^~~~~~~~~~~~
../Core/Src/main.c:400:47: warning: pointer targets in passing argument 1 of 'strcpy' differ in signedness [-Wpointer-sign]
  400 |   if(strcmp(display.linea1,"\0") != 0) strcpy(lastRow1, display.linea1);
      |                                               ^~~~~~~~
      |                                               |
      |                                               uint8_t * {aka unsigned char *}
In file included from ../Core/Src/main.c:19:
c:\program files (x86)\stm32cubeide_1.6.1\stm32cubeide\plugins\com.st.stm32cube.ide.mcu.externaltools.gnu-tools-for-stm32.9-2020-q2-update.win32_1.5.0.202011040924\tools\arm-none-eabi\include\string.h:38:8: note: expected 'char * restrict' but argument is of type 'uint8_t *' {aka 'unsigned char *'}
   38 | char  *strcpy (char *__restrict, const char *__restrict);
      |        ^~~~~~
../Core/Src/main.c:400:64: warning: pointer targets in passing argument 2 of 'strcpy' differ in signedness [-Wpointer-sign]
  400 |   if(strcmp(display.linea1,"\0") != 0) strcpy(lastRow1, display.linea1);
      |                                                         ~~~~~~~^~~~~~~
      |                                                                |
      |                                                                uint8_t * {aka unsigned char *}
In file included from ../Core/Src/main.c:19:
c:\program files (x86)\stm32cubeide_1.6.1\stm32cubeide\plugins\com.st.stm32cube.ide.mcu.externaltools.gnu-tools-for-stm32.9-2020-q2-update.win32_1.5.0.202011040924\tools\arm-none-eabi\include\string.h:38:8: note: expected 'const char * restrict' but argument is of type 'uint8_t *' {aka 'unsigned char *'}
   38 | char  *strcpy (char *__restrict, const char *__restrict);
      |        ^~~~~~
../Core/Src/main.c:401:20: warning: pointer targets in passing argument 1 of 'strcmp' differ in signedness [-Wpointer-sign]
  401 |   if(strcmp(display.linea2,"\0") != 0) strcpy(lastRow2, display.linea2);
      |             ~~~~~~~^~~~~~~
      |                    |
      |                    uint8_t * {aka unsigned char *}
In file included from ../Core/Src/main.c:19:
c:\program files (x86)\stm32cubeide_1.6.1\stm32cubeide\plugins\com.st.stm32cube.ide.mcu.externaltools.gnu-tools-for-stm32.9-2020-q2-update.win32_1.5.0.202011040924\tools\arm-none-eabi\include\string.h:36:14: note: expected 'const char *' but argument is of type 'uint8_t *' {aka 'unsigned char *'}
   36 | int  strcmp (const char *, const char *);
      |              ^~~~~~~~~~~~
../Core/Src/main.c:401:47: warning: pointer targets in passing argument 1 of 'strcpy' differ in signedness [-Wpointer-sign]
  401 |   if(strcmp(display.linea2,"\0") != 0) strcpy(lastRow2, display.linea2);
      |                                               ^~~~~~~~
      |                                               |
      |                                               uint8_t * {aka unsigned char *}
In file included from ../Core/Src/main.c:19:
c:\program files (x86)\stm32cubeide_1.6.1\stm32cubeide\plugins\com.st.stm32cube.ide.mcu.externaltools.gnu-tools-for-stm32.9-2020-q2-update.win32_1.5.0.202011040924\tools\arm-none-eabi\include\string.h:38:8: note: expected 'char * restrict' but argument is of type 'uint8_t *' {aka 'unsigned char *'}
   38 | char  *strcpy (char *__restrict, const char *__restrict);
      |        ^~~~~~
../Core/Src/main.c:401:64: warning: pointer targets in passing argument 2 of 'strcpy' differ in signedness [-Wpointer-sign]
  401 |   if(strcmp(display.linea2,"\0") != 0) strcpy(lastRow2, display.linea2);
      |                                                         ~~~~~~~^~~~~~~
      |                                                                |
      |                                                                uint8_t * {aka unsigned char *}
In file included from ../Core/Src/main.c:19:
c:\program files (x86)\stm32cubeide_1.6.1\stm32cubeide\plugins\com.st.stm32cube.ide.mcu.externaltools.gnu-tools-for-stm32.9-2020-q2-update.win32_1.5.0.202011040924\tools\arm-none-eabi\include\string.h:38:8: note: expected 'const char * restrict' but argument is of type 'uint8_t *' {aka 'unsigned char *'}
   38 | char  *strcpy (char *__restrict, const char *__restrict);
      |        ^~~~~~
In file included from ../Core/Src/main.c:20:
../Core/Src/main.c:407:32: warning: pointer targets in passing argument 1 of 'HD44780_PrintStr' differ in signedness [-Wpointer-sign]
  407 |      lcd_msgPrint(0, 0, display.linea1);
      |                         ~~~~~~~^~~~~~~
      |                                |
      |                                uint8_t * {aka unsigned char *}
../Core/Inc/common.h:31:28: note: in definition of macro 'lcd_msgPrint'
   31 |           HD44780_PrintStr(lcdStr)
      |                            ^~~~~~
In file included from ../Core/Src/main.c:14:
../Core/Inc/liquidcrystal_i2c.h:86:23: note: expected 'const char *' but argument is of type 'uint8_t *' {aka 'unsigned char *'}
   86 | void HD44780_PrintStr(const char[]);
      |                       ^~~~~~~~~~~~
In file included from ../Core/Src/main.c:20:
../Core/Src/main.c:410:32: warning: pointer targets in passing argument 1 of 'HD44780_PrintStr' differ in signedness [-Wpointer-sign]
  410 |      lcd_msgPrint(0, 1, display.linea2);
      |                         ~~~~~~~^~~~~~~
      |                                |
      |                                uint8_t * {aka unsigned char *}
../Core/Inc/common.h:31:28: note: in definition of macro 'lcd_msgPrint'
   31 |           HD44780_PrintStr(lcdStr)
      |                            ^~~~~~
In file included from ../Core/Src/main.c:14:
../Core/Inc/liquidcrystal_i2c.h:86:23: note: expected 'const char *' but argument is of type 'uint8_t *' {aka 'unsigned char *'}
   86 | void HD44780_PrintStr(const char[]);
      |                       ^~~~~~~~~~~~
In file included from ../Core/Src/main.c:20:
../Core/Src/main.c:416:32: warning: pointer targets in passing argument 1 of 'HD44780_PrintStr' differ in signedness [-Wpointer-sign]
  416 |      lcd_msgPrint(0, 0, display.linea1);
      |                         ~~~~~~~^~~~~~~
      |                                |
      |                                uint8_t * {aka unsigned char *}
../Core/Inc/common.h:31:28: note: in definition of macro 'lcd_msgPrint'
   31 |           HD44780_PrintStr(lcdStr)
      |                            ^~~~~~
In file included from ../Core/Src/main.c:14:
../Core/Inc/liquidcrystal_i2c.h:86:23: note: expected 'const char *' but argument is of type 'uint8_t *' {aka 'unsigned char *'}
   86 | void HD44780_PrintStr(const char[]);
      |                       ^~~~~~~~~~~~
In file included from ../Core/Src/main.c:20:
../Core/Src/main.c:419:32: warning: pointer targets in passing argument 1 of 'HD44780_PrintStr' differ in signedness [-Wpointer-sign]
  419 |      lcd_msgPrint(0, 1, display.linea2);
      |                         ~~~~~~~^~~~~~~
      |                                |
      |                                uint8_t * {aka unsigned char *}
../Core/Inc/common.h:31:28: note: in definition of macro 'lcd_msgPrint'
   31 |           HD44780_PrintStr(lcdStr)
      |                            ^~~~~~
In file included from ../Core/Src/main.c:14:
../Core/Inc/liquidcrystal_i2c.h:86:23: note: expected 'const char *' but argument is of type 'uint8_t *' {aka 'unsigned char *'}
   86 | void HD44780_PrintStr(const char[]);
      |                       ^~~~~~~~~~~~
In file included from ../Core/Src/main.c:20:
../Core/Src/main.c:423:24: warning: pointer targets in passing argument 1 of 'HD44780_PrintStr' differ in signedness [-Wpointer-sign]
  423 |     lcd_msgPrint(0, 0, lastRow1);
      |                        ^~~~~~~~
      |                        |
      |                        uint8_t * {aka unsigned char *}
../Core/Inc/common.h:31:28: note: in definition of macro 'lcd_msgPrint'
   31 |           HD44780_PrintStr(lcdStr)
      |                            ^~~~~~
In file included from ../Core/Src/main.c:14:
../Core/Inc/liquidcrystal_i2c.h:86:23: note: expected 'const char *' but argument is of type 'uint8_t *' {aka 'unsigned char *'}
   86 | void HD44780_PrintStr(const char[]);
      |                       ^~~~~~~~~~~~
In file included from ../Core/Src/main.c:20:
../Core/Src/main.c:424:24: warning: pointer targets in passing argument 1 of 'HD44780_PrintStr' differ in signedness [-Wpointer-sign]
  424 |     lcd_msgPrint(0, 1, lastRow2);
      |                        ^~~~~~~~
      |                        |
      |                        uint8_t * {aka unsigned char *}
../Core/Inc/common.h:31:28: note: in definition of macro 'lcd_msgPrint'
   31 |           HD44780_PrintStr(lcdStr)
      |                            ^~~~~~
In file included from ../Core/Src/main.c:14:
../Core/Inc/liquidcrystal_i2c.h:86:23: note: expected 'const char *' but argument is of type 'uint8_t *' {aka 'unsigned char *'}
   86 | void HD44780_PrintStr(const char[]);
      |                       ^~~~~~~~~~~~
In file included from ../Core/Src/main.c:20:
../Core/Src/main.c:429:32: warning: pointer targets in passing argument 1 of 'HD44780_PrintStr' differ in signedness [-Wpointer-sign]
  429 |      lcd_msgPrint(0, 0, display.linea1);
      |                         ~~~~~~~^~~~~~~
      |                                |
      |                                uint8_t * {aka unsigned char *}
../Core/Inc/common.h:31:28: note: in definition of macro 'lcd_msgPrint'
   31 |           HD44780_PrintStr(lcdStr)
      |                            ^~~~~~
In file included from ../Core/Src/main.c:14:
../Core/Inc/liquidcrystal_i2c.h:86:23: note: expected 'const char *' but argument is of type 'uint8_t *' {aka 'unsigned char *'}
   86 | void HD44780_PrintStr(const char[]);
      |                       ^~~~~~~~~~~~
In file included from ../Core/Src/main.c:20:
../Core/Src/main.c:432:32: warning: pointer targets in passing argument 1 of 'HD44780_PrintStr' differ in signedness [-Wpointer-sign]
  432 |      lcd_msgPrint(0, 1, display.linea2);
      |                         ~~~~~~~^~~~~~~
      |                                |
      |                                uint8_t * {aka unsigned char *}
../Core/Inc/common.h:31:28: note: in definition of macro 'lcd_msgPrint'
   31 |           HD44780_PrintStr(lcdStr)
      |                            ^~~~~~
In file included from ../Core/Src/main.c:14:
../Core/Inc/liquidcrystal_i2c.h:86:23: note: expected 'const char *' but argument is of type 'uint8_t *' {aka 'unsigned char *'}
   86 | void HD44780_PrintStr(const char[]);
      |                       ^~~~~~~~~~~~
In file included from ../Core/Src/main.c:20:
../Core/Src/main.c:436:24: warning: pointer targets in passing argument 1 of 'HD44780_PrintStr' differ in signedness [-Wpointer-sign]
  436 |     lcd_msgPrint(0, 0, lastRow1);
      |                        ^~~~~~~~
      |                        |
      |                        uint8_t * {aka unsigned char *}
../Core/Inc/common.h:31:28: note: in definition of macro 'lcd_msgPrint'
   31 |           HD44780_PrintStr(lcdStr)
      |                            ^~~~~~
In file included from ../Core/Src/main.c:14:
../Core/Inc/liquidcrystal_i2c.h:86:23: note: expected 'const char *' but argument is of type 'uint8_t *' {aka 'unsigned char *'}
   86 | void HD44780_PrintStr(const char[]);
      |                       ^~~~~~~~~~~~
In file included from ../Core/Src/main.c:20:
../Core/Src/main.c:437:24: warning: pointer targets in passing argument 1 of 'HD44780_PrintStr' differ in signedness [-Wpointer-sign]
  437 |     lcd_msgPrint(0, 1, lastRow2);
      |                        ^~~~~~~~
      |                        |
      |                        uint8_t * {aka unsigned char *}
../Core/Inc/common.h:31:28: note: in definition of macro 'lcd_msgPrint'
   31 |           HD44780_PrintStr(lcdStr)
      |                            ^~~~~~
In file included from ../Core/Src/main.c:14:
../Core/Inc/liquidcrystal_i2c.h:86:23: note: expected 'const char *' but argument is of type 'uint8_t *' {aka 'unsigned char *'}
   86 | void HD44780_PrintStr(const char[]);
      |                       ^~~~~~~~~~~~
In file included from ../Core/Src/main.c:20:
../Core/Src/main.c:451:32: warning: pointer targets in passing argument 1 of 'HD44780_PrintStr' differ in signedness [-Wpointer-sign]
  451 |      lcd_msgPrint(0, 0, display.linea1);
      |                         ~~~~~~~^~~~~~~
      |                                |
      |                                uint8_t * {aka unsigned char *}
../Core/Inc/common.h:31:28: note: in definition of macro 'lcd_msgPrint'
   31 |           HD44780_PrintStr(lcdStr)
      |                            ^~~~~~
In file included from ../Core/Src/main.c:14:
../Core/Inc/liquidcrystal_i2c.h:86:23: note: expected 'const char *' but argument is of type 'uint8_t *' {aka 'unsigned char *'}
   86 | void HD44780_PrintStr(const char[]);
      |                       ^~~~~~~~~~~~
In file included from ../Core/Src/main.c:20:
../Core/Src/main.c:454:32: warning: pointer targets in passing argument 1 of 'HD44780_PrintStr' differ in signedness [-Wpointer-sign]
  454 |      lcd_msgPrint(0, 1, display.linea2);
      |                         ~~~~~~~^~~~~~~
      |                                |
      |                                uint8_t * {aka unsigned char *}
../Core/Inc/common.h:31:28: note: in definition of macro 'lcd_msgPrint'
   31 |           HD44780_PrintStr(lcdStr)
      |                            ^~~~~~
In file included from ../Core/Src/main.c:14:
../Core/Inc/liquidcrystal_i2c.h:86:23: note: expected 'const char *' but argument is of type 'uint8_t *' {aka 'unsigned char *'}
   86 | void HD44780_PrintStr(const char[]);
      |                       ^~~~~~~~~~~~
../Core/Src/main.c: In function 't_Comextern':
../Core/Src/main.c:840:12: warning: passing argument 1 of 'sprintf' from incompatible pointer type [-Wincompatible-pointer-types]
  840 |    sprintf(&aux_str, aux_usuario.id);
      |            ^~~~~~~~
      |            |
      |            char (*)[16]
In file included from ../Core/Src/main.c:17:
c:\program files (x86)\stm32cubeide_1.6.1\stm32cubeide\plugins\com.st.stm32cube.ide.mcu.externaltools.gnu-tools-for-stm32.9-2020-q2-update.win32_1.5.0.202011040924\tools\arm-none-eabi\include\stdio.h:244:14: note: expected 'char * restrict' but argument is of type 'char (*)[16]'
  244 | int sprintf (char *__restrict, const char *__restrict, ...)
      |              ^
../Core/Src/main.c:840:33: warning: passing argument 2 of 'sprintf' makes pointer from integer without a cast [-Wint-conversion]
  840 |    sprintf(&aux_str, aux_usuario.id);
      |                      ~~~~~~~~~~~^~~
      |                                 |
      |                                 uint32_t {aka long unsigned int}
In file included from ../Core/Src/main.c:17:
c:\program files (x86)\stm32cubeide_1.6.1\stm32cubeide\plugins\com.st.stm32cube.ide.mcu.externaltools.gnu-tools-for-stm32.9-2020-q2-update.win32_1.5.0.202011040924\tools\arm-none-eabi\include\stdio.h:244:32: note: expected 'const char * restrict' but argument is of type 'uint32_t' {aka 'long unsigned int'}
  244 | int sprintf (char *__restrict, const char *__restrict, ...)
      |                                ^
../Core/Src/main.c:844:12: warning: passing argument 1 of 'sprintf' from incompatible pointer type [-Wincompatible-pointer-types]
  844 |    sprintf(&aux_str, (uint32_t)aux_usuario.nroUsuario);
      |            ^~~~~~~~
      |            |
      |            char (*)[16]
In file included from ../Core/Src/main.c:17:
c:\program files (x86)\stm32cubeide_1.6.1\stm32cubeide\plugins\com.st.stm32cube.ide.mcu.externaltools.gnu-tools-for-stm32.9-2020-q2-update.win32_1.5.0.202011040924\tools\arm-none-eabi\include\stdio.h:244:14: note: expected 'char * restrict' but argument is of type 'char (*)[16]'
  244 | int sprintf (char *__restrict, const char *__restrict, ...)
      |              ^
../Core/Src/main.c:844:22: warning: passing argument 2 of 'sprintf' makes pointer from integer without a cast [-Wint-conversion]
  844 |    sprintf(&aux_str, (uint32_t)aux_usuario.nroUsuario);
      |                      ^~~~~~~~~~~~~~~~~~~~~~~~~~~~~~~~
      |                      |
      |                      long unsigned int
In file included from ../Core/Src/main.c:17:
c:\program files (x86)\stm32cubeide_1.6.1\stm32cubeide\plugins\com.st.stm32cube.ide.mcu.externaltools.gnu-tools-for-stm32.9-2020-q2-update.win32_1.5.0.202011040924\tools\arm-none-eabi\include\stdio.h:244:32: note: expected 'const char * restrict' but argument is of type 'long unsigned int'
  244 | int sprintf (char *__restrict, const char *__restrict, ...)
      |                                ^
../Core/Src/main.c:848:12: warning: passing argument 1 of 'sprintf' from incompatible pointer type [-Wincompatible-pointer-types]
  848 |    sprintf(&aux_str, aux_usuario.clave);
      |            ^~~~~~~~
      |            |
      |            char (*)[16]
In file included from ../Core/Src/main.c:17:
c:\program files (x86)\stm32cubeide_1.6.1\stm32cubeide\plugins\com.st.stm32cube.ide.mcu.externaltools.gnu-tools-for-stm32.9-2020-q2-update.win32_1.5.0.202011040924\tools\arm-none-eabi\include\stdio.h:244:14: note: expected 'char * restrict' but argument is of type 'char (*)[16]'
  244 | int sprintf (char *__restrict, const char *__restrict, ...)
      |              ^
../Core/Src/main.c:848:33: warning: passing argument 2 of 'sprintf' makes pointer from integer without a cast [-Wint-conversion]
  848 |    sprintf(&aux_str, aux_usuario.clave);
      |                      ~~~~~~~~~~~^~~~~~
      |                                 |
      |                                 uint32_t {aka long unsigned int}
In file included from ../Core/Src/main.c:17:
c:\program files (x86)\stm32cubeide_1.6.1\stm32cubeide\plugins\com.st.stm32cube.ide.mcu.externaltools.gnu-tools-for-stm32.9-2020-q2-update.win32_1.5.0.202011040924\tools\arm-none-eabi\include\stdio.h:244:32: note: expected 'const char * restrict' but argument is of type 'uint32_t' {aka 'long unsigned int'}
  244 | int sprintf (char *__restrict, const char *__restrict, ...)
      |                                ^
../Core/Src/main.c:852:12: warning: passing argument 1 of 'sprintf' from incompatible pointer type [-Wincompatible-pointer-types]
  852 |    sprintf(&aux_str, aux_usuario.intentosDisp);
      |            ^~~~~~~~
      |            |
      |            char (*)[16]
In file included from ../Core/Src/main.c:17:
c:\program files (x86)\stm32cubeide_1.6.1\stm32cubeide\plugins\com.st.stm32cube.ide.mcu.externaltools.gnu-tools-for-stm32.9-2020-q2-update.win32_1.5.0.202011040924\tools\arm-none-eabi\include\stdio.h:244:14: note: expected 'char * restrict' but argument is of type 'char (*)[16]'
  244 | int sprintf (char *__restrict, const char *__restrict, ...)
      |              ^
../Core/Src/main.c:852:33: warning: passing argument 2 of 'sprintf' makes pointer from integer without a cast [-Wint-conversion]
  852 |    sprintf(&aux_str, aux_usuario.intentosDisp);
      |                      ~~~~~~~~~~~^~~~~~~~~~~~~
      |                                 |
      |                                 uint32_t {aka long unsigned int}
In file included from ../Core/Src/main.c:17:
c:\program files (x86)\stm32cubeide_1.6.1\stm32cubeide\plugins\com.st.stm32cube.ide.mcu.externaltools.gnu-tools-for-stm32.9-2020-q2-update.win32_1.5.0.202011040924\tools\arm-none-eabi\include\stdio.h:244:32: note: expected 'const char * restrict' but argument is of type 'uint32_t' {aka 'long unsigned int'}
  244 | int sprintf (char *__restrict, const char *__restrict, ...)
      |                                ^
../Core/Src/main.c:876:12: warning: passing argument 1 of 'sprintf' from incompatible pointer type [-Wincompatible-pointer-types]
  876 |    sprintf(&aux_str, aux_usuario.id);
      |            ^~~~~~~~
      |            |
      |            char (*)[16]
In file included from ../Core/Src/main.c:17:
c:\program files (x86)\stm32cubeide_1.6.1\stm32cubeide\plugins\com.st.stm32cube.ide.mcu.externaltools.gnu-tools-for-stm32.9-2020-q2-update.win32_1.5.0.202011040924\tools\arm-none-eabi\include\stdio.h:244:14: note: expected 'char * restrict' but argument is of type 'char (*)[16]'
  244 | int sprintf (char *__restrict, const char *__restrict, ...)
      |              ^
../Core/Src/main.c:876:33: warning: passing argument 2 of 'sprintf' makes pointer from integer without a cast [-Wint-conversion]
  876 |    sprintf(&aux_str, aux_usuario.id);
      |                      ~~~~~~~~~~~^~~
      |                                 |
      |                                 uint32_t {aka long unsigned int}
In file included from ../Core/Src/main.c:17:
c:\program files (x86)\stm32cubeide_1.6.1\stm32cubeide\plugins\com.st.stm32cube.ide.mcu.externaltools.gnu-tools-for-stm32.9-2020-q2-update.win32_1.5.0.202011040924\tools\arm-none-eabi\include\stdio.h:244:32: note: expected 'const char * restrict' but argument is of type 'uint32_t' {aka 'long unsigned int'}
  244 | int sprintf (char *__restrict, const char *__restrict, ...)
      |                                ^
../Core/Src/main.c:880:12: warning: passing argument 1 of 'sprintf' from incompatible pointer type [-Wincompatible-pointer-types]
  880 |    sprintf(&aux_str, (uint32_t)aux_usuario.nroUsuario);
      |            ^~~~~~~~
      |            |
      |            char (*)[16]
In file included from ../Core/Src/main.c:17:
c:\program files (x86)\stm32cubeide_1.6.1\stm32cubeide\plugins\com.st.stm32cube.ide.mcu.externaltools.gnu-tools-for-stm32.9-2020-q2-update.win32_1.5.0.202011040924\tools\arm-none-eabi\include\stdio.h:244:14: note: expected 'char * restrict' but argument is of type 'char (*)[16]'
  244 | int sprintf (char *__restrict, const char *__restrict, ...)
      |              ^
../Core/Src/main.c:880:22: warning: passing argument 2 of 'sprintf' makes pointer from integer without a cast [-Wint-conversion]
  880 |    sprintf(&aux_str, (uint32_t)aux_usuario.nroUsuario);
      |                      ^~~~~~~~~~~~~~~~~~~~~~~~~~~~~~~~
      |                      |
      |                      long unsigned int
In file included from ../Core/Src/main.c:17:
c:\program files (x86)\stm32cubeide_1.6.1\stm32cubeide\plugins\com.st.stm32cube.ide.mcu.externaltools.gnu-tools-for-stm32.9-2020-q2-update.win32_1.5.0.202011040924\tools\arm-none-eabi\include\stdio.h:244:32: note: expected 'const char * restrict' but argument is of type 'long unsigned int'
  244 | int sprintf (char *__restrict, const char *__restrict, ...)
      |                                ^
../Core/Src/main.c:884:12: warning: passing argument 1 of 'sprintf' from incompatible pointer type [-Wincompatible-pointer-types]
  884 |    sprintf(&aux_str, aux_usuario.clave);
      |            ^~~~~~~~
      |            |
      |            char (*)[16]
In file included from ../Core/Src/main.c:17:
c:\program files (x86)\stm32cubeide_1.6.1\stm32cubeide\plugins\com.st.stm32cube.ide.mcu.externaltools.gnu-tools-for-stm32.9-2020-q2-update.win32_1.5.0.202011040924\tools\arm-none-eabi\include\stdio.h:244:14: note: expected 'char * restrict' but argument is of type 'char (*)[16]'
  244 | int sprintf (char *__restrict, const char *__restrict, ...)
      |              ^
../Core/Src/main.c:884:33: warning: passing argument 2 of 'sprintf' makes pointer from integer without a cast [-Wint-conversion]
  884 |    sprintf(&aux_str, aux_usuario.clave);
      |                      ~~~~~~~~~~~^~~~~~
      |                                 |
      |                                 uint32_t {aka long unsigned int}
In file included from ../Core/Src/main.c:17:
c:\program files (x86)\stm32cubeide_1.6.1\stm32cubeide\plugins\com.st.stm32cube.ide.mcu.externaltools.gnu-tools-for-stm32.9-2020-q2-update.win32_1.5.0.202011040924\tools\arm-none-eabi\include\stdio.h:244:32: note: expected 'const char * restrict' but argument is of type 'uint32_t' {aka 'long unsigned int'}
  244 | int sprintf (char *__restrict, const char *__restrict, ...)
      |                                ^
../Core/Src/main.c:888:12: warning: passing argument 1 of 'sprintf' from incompatible pointer type [-Wincompatible-pointer-types]
  888 |    sprintf(&aux_str, aux_usuario.intentosDisp);
      |            ^~~~~~~~
      |            |
      |            char (*)[16]
In file included from ../Core/Src/main.c:17:
c:\program files (x86)\stm32cubeide_1.6.1\stm32cubeide\plugins\com.st.stm32cube.ide.mcu.externaltools.gnu-tools-for-stm32.9-2020-q2-update.win32_1.5.0.202011040924\tools\arm-none-eabi\include\stdio.h:244:14: note: expected 'char * restrict' but argument is of type 'char (*)[16]'
  244 | int sprintf (char *__restrict, const char *__restrict, ...)
      |              ^
../Core/Src/main.c:888:33: warning: passing argument 2 of 'sprintf' makes pointer from integer without a cast [-Wint-conversion]
  888 |    sprintf(&aux_str, aux_usuario.intentosDisp);
      |                      ~~~~~~~~~~~^~~~~~~~~~~~~
      |                                 |
      |                                 uint32_t {aka long unsigned int}
In file included from ../Core/Src/main.c:17:
c:\program files (x86)\stm32cubeide_1.6.1\stm32cubeide\plugins\com.st.stm32cube.ide.mcu.externaltools.gnu-tools-for-stm32.9-2020-q2-update.win32_1.5.0.202011040924\tools\arm-none-eabi\include\stdio.h:244:32: note: expected 'const char * restrict' but argument is of type 'uint32_t' {aka 'long unsigned int'}
  244 | int sprintf (char *__restrict, const char *__restrict, ...)
      |                                ^
../Core/Src/main.c:912:12: warning: passing argument 1 of 'sprintf' from incompatible pointer type [-Wincompatible-pointer-types]
  912 |    sprintf(&aux_str, aux_actuador.id);
      |            ^~~~~~~~
      |            |
      |            char (*)[16]
In file included from ../Core/Src/main.c:17:
c:\program files (x86)\stm32cubeide_1.6.1\stm32cubeide\plugins\com.st.stm32cube.ide.mcu.externaltools.gnu-tools-for-stm32.9-2020-q2-update.win32_1.5.0.202011040924\tools\arm-none-eabi\include\stdio.h:244:14: note: expected 'char * restrict' but argument is of type 'char (*)[16]'
  244 | int sprintf (char *__restrict, const char *__restrict, ...)
      |              ^
../Core/Src/main.c:912:34: warning: passing argument 2 of 'sprintf' makes pointer from integer without a cast [-Wint-conversion]
  912 |    sprintf(&aux_str, aux_actuador.id);
      |                      ~~~~~~~~~~~~^~~
      |                                  |
      |                                  uint32_t {aka long unsigned int}
In file included from ../Core/Src/main.c:17:
c:\program files (x86)\stm32cubeide_1.6.1\stm32cubeide\plugins\com.st.stm32cube.ide.mcu.externaltools.gnu-tools-for-stm32.9-2020-q2-update.win32_1.5.0.202011040924\tools\arm-none-eabi\include\stdio.h:244:32: note: expected 'const char * restrict' but argument is of type 'uint32_t' {aka 'long unsigned int'}
  244 | int sprintf (char *__restrict, const char *__restrict, ...)
      |                                ^
../Core/Src/main.c:916:12: warning: passing argument 1 of 'sprintf' from incompatible pointer type [-Wincompatible-pointer-types]
  916 |    sprintf(&aux_str, (uint32_t)aux_actuador.tipo);
      |            ^~~~~~~~
      |            |
      |            char (*)[16]
In file included from ../Core/Src/main.c:17:
c:\program files (x86)\stm32cubeide_1.6.1\stm32cubeide\plugins\com.st.stm32cube.ide.mcu.externaltools.gnu-tools-for-stm32.9-2020-q2-update.win32_1.5.0.202011040924\tools\arm-none-eabi\include\stdio.h:244:14: note: expected 'char * restrict' but argument is of type 'char (*)[16]'
  244 | int sprintf (char *__restrict, const char *__restrict, ...)
      |              ^
../Core/Src/main.c:916:22: warning: passing argument 2 of 'sprintf' makes pointer from integer without a cast [-Wint-conversion]
  916 |    sprintf(&aux_str, (uint32_t)aux_actuador.tipo);
      |                      ^~~~~~~~~~~~~~~~~~~~~~~~~~~
      |                      |
      |                      long unsigned int
In file included from ../Core/Src/main.c:17:
c:\program files (x86)\stm32cubeide_1.6.1\stm32cubeide\plugins\com.st.stm32cube.ide.mcu.externaltools.gnu-tools-for-stm32.9-2020-q2-update.win32_1.5.0.202011040924\tools\arm-none-eabi\include\stdio.h:244:32: note: expected 'const char * restrict' but argument is of type 'long unsigned int'
  244 | int sprintf (char *__restrict, const char *__restrict, ...)
      |                                ^
../Core/Src/main.c:920:12: warning: passing argument 1 of 'sprintf' from incompatible pointer type [-Wincompatible-pointer-types]
  920 |    sprintf(&aux_str, (uint32_t)aux_actuador.accion);
      |            ^~~~~~~~
      |            |
      |            char (*)[16]
In file included from ../Core/Src/main.c:17:
c:\program files (x86)\stm32cubeide_1.6.1\stm32cubeide\plugins\com.st.stm32cube.ide.mcu.externaltools.gnu-tools-for-stm32.9-2020-q2-update.win32_1.5.0.202011040924\tools\arm-none-eabi\include\stdio.h:244:14: note: expected 'char * restrict' but argument is of type 'char (*)[16]'
  244 | int sprintf (char *__restrict, const char *__restrict, ...)
      |              ^
../Core/Src/main.c:920:22: warning: passing argument 2 of 'sprintf' makes pointer from integer without a cast [-Wint-conversion]
  920 |    sprintf(&aux_str, (uint32_t)aux_actuador.accion);
      |                      ^~~~~~~~~~~~~~~~~~~~~~~~~~~~~
      |                      |
      |                      long unsigned int
In file included from ../Core/Src/main.c:17:
c:\program files (x86)\stm32cubeide_1.6.1\stm32cubeide\plugins\com.st.stm32cube.ide.mcu.externaltools.gnu-tools-for-stm32.9-2020-q2-update.win32_1.5.0.202011040924\tools\arm-none-eabi\include\stdio.h:244:32: note: expected 'const char * restrict' but argument is of type 'long unsigned int'
  244 | int sprintf (char *__restrict, const char *__restrict, ...)
      |                                ^
../Core/Src/main.c:924:12: warning: passing argument 1 of 'sprintf' from incompatible pointer type [-Wincompatible-pointer-types]
  924 |    sprintf(&aux_str, (uint32_t)aux_actuador.anterior);
      |            ^~~~~~~~
      |            |
      |            char (*)[16]
In file included from ../Core/Src/main.c:17:
c:\program files (x86)\stm32cubeide_1.6.1\stm32cubeide\plugins\com.st.stm32cube.ide.mcu.externaltools.gnu-tools-for-stm32.9-2020-q2-update.win32_1.5.0.202011040924\tools\arm-none-eabi\include\stdio.h:244:14: note: expected 'char * restrict' but argument is of type 'char (*)[16]'
  244 | int sprintf (char *__restrict, const char *__restrict, ...)
      |              ^
../Core/Src/main.c:924:22: warning: passing argument 2 of 'sprintf' makes pointer from integer without a cast [-Wint-conversion]
  924 |    sprintf(&aux_str, (uint32_t)aux_actuador.anterior);
      |                      ^~~~~~~~~~~~~~~~~~~~~~~~~~~~~~~
      |                      |
      |                      long unsigned int
In file included from ../Core/Src/main.c:17:
c:\program files (x86)\stm32cubeide_1.6.1\stm32cubeide\plugins\com.st.stm32cube.ide.mcu.externaltools.gnu-tools-for-stm32.9-2020-q2-update.win32_1.5.0.202011040924\tools\arm-none-eabi\include\stdio.h:244:32: note: expected 'const char * restrict' but argument is of type 'long unsigned int'
arm-none-eabi-gcc "../Core/Src/sysmem.c" -mcpu=cortex-m3 -std=gnu11 -g3 -DDEBUG -DUSE_HAL_DRIVER -DSTM32F103xB -c -I../Core/Inc -I../Drivers/STM32F1xx_HAL_Driver/Inc -I../Drivers/STM32F1xx_HAL_Driver/Inc/Legacy -I../Drivers/CMSIS/Device/ST/STM32F1xx/Include -I../Drivers/CMSIS/Include -I"C:/Users/germa/Documents/TD3 2024/TD3_egb_2024/WorkspacePruebas/FreeRTOS/Inc" -O0 -ffunction-sections -fdata-sections -Wall -fstack-usage -MMD -MP -MF"Core/Src/sysmem.d" -MT"Core/Src/sysmem.o" --specs=nano.specs -mfloat-abi=soft -mthumb -o "Core/Src/sysmem.o"
  244 | int sprintf (char *__restrict, const char *__restrict, ...)
      |                                ^
At top level:
../Core/Src/main.c:100:13: warning: 'dummyDataMemoryRecording' defined but not used [-Wunused-function]
  100 | static void dummyDataMemoryRecording (void){
      |             ^~~~~~~~~~~~~~~~~~~~~~~~
arm-none-eabi-gcc "../Core/Src/system_stm32f1xx.c" -mcpu=cortex-m3 -std=gnu11 -g3 -DDEBUG -DUSE_HAL_DRIVER -DSTM32F103xB -c -I../Core/Inc -I../Drivers/STM32F1xx_HAL_Driver/Inc -I../Drivers/STM32F1xx_HAL_Driver/Inc/Legacy -I../Drivers/CMSIS/Device/ST/STM32F1xx/Include -I../Drivers/CMSIS/Include -I"C:/Users/germa/Documents/TD3 2024/TD3_egb_2024/WorkspacePruebas/FreeRTOS/Inc" -O0 -ffunction-sections -fdata-sections -Wall -fstack-usage -MMD -MP -MF"Core/Src/system_stm32f1xx.d" -MT"Core/Src/system_stm32f1xx.o" --specs=nano.specs -mfloat-abi=soft -mthumb -o "Core/Src/system_stm32f1xx.o"
arm-none-eabi-gcc -o "td3_ega_2024.elf" @"objects.list"  -lFreeRTOS -mcpu=cortex-m3 -T"C:\Users\germa\Documents\TD3 2024\TD3_egb_2024\WorkspacePruebas\td3_ega_2024\STM32F103C8TX_FLASH.ld" --specs=nosys.specs -Wl,-Map="td3_ega_2024.map" -Wl,--gc-sections -static -Wl,--start-group -lFreeRTOS -Wl,--end-group -L"C:\Users\germa\Documents\TD3 2024\TD3_egb_2024\WorkspacePruebas\FreeRTOS\Debug" --specs=nano.specs -mfloat-abi=soft -mthumb -Wl,--start-group -lc -lm -Wl,--end-group
Finished building target: td3_ega_2024.elf
 
arm-none-eabi-objdump -h -S  td3_ega_2024.elf  > "td3_ega_2024.list"
arm-none-eabi-objcopy  -O binary  td3_ega_2024.elf  "td3_ega_2024.bin"
arm-none-eabi-size   td3_ega_2024.elf 
   text	   data	    bss	    dec	    hex	filename
  41576	    148	   2704	  44428	   ad8c	td3_ega_2024.elf
Finished building: default.size.stdout
 
Finished building: td3_ega_2024.bin
 
Finished building: td3_ega_2024.list
 
17:36:06 **** Incremental Build of configuration Debug for project i2c_slave_bluepill ****
make -j4 all 
arm-none-eabi-gcc "../Core/Src/i2c_slave_bluepill.c" -mcpu=cortex-m3 -std=gnu11 -g3 -DDEBUG -DUSE_HAL_DRIVER -DSTM32F103xB -c -I../Core/Inc -I../Drivers/STM32F1xx_HAL_Driver/Inc -I../Drivers/STM32F1xx_HAL_Driver/Inc/Legacy -I../Drivers/CMSIS/Device/ST/STM32F1xx/Include -I../Drivers/CMSIS/Include -I"C:/Users/germa/Documents/TD3 2024/TD3_egb_2024/WorkspacePruebas/FreeRTOS/Inc" -O0 -ffunction-sections -fdata-sections -Wall -fstack-usage -MMD -MP -MF"Core/Src/i2c_slave_bluepill.d" -MT"Core/Src/i2c_slave_bluepill.o" --specs=nano.specs -mfloat-abi=soft -mthumb -o "Core/Src/i2c_slave_bluepill.o"
arm-none-eabi-gcc "../Core/Src/main.c" -mcpu=cortex-m3 -std=gnu11 -g3 -DDEBUG -DUSE_HAL_DRIVER -DSTM32F103xB -c -I../Core/Inc -I../Drivers/STM32F1xx_HAL_Driver/Inc -I../Drivers/STM32F1xx_HAL_Driver/Inc/Legacy -I../Drivers/CMSIS/Device/ST/STM32F1xx/Include -I../Drivers/CMSIS/Include -I"C:/Users/germa/Documents/TD3 2024/TD3_egb_2024/WorkspacePruebas/FreeRTOS/Inc" -O0 -ffunction-sections -fdata-sections -Wall -fstack-usage -MMD -MP -MF"Core/Src/main.d" -MT"Core/Src/main.o" --specs=nano.specs -mfloat-abi=soft -mthumb -o "Core/Src/main.o"
../Core/Src/main.c: In function 'i2c_slave_rx_process':
../Core/Src/main.c:90:11: warning: variable 'value' set but not used [-Wunused-but-set-variable]
   90 |  uint16_t value;
      |           ^~~~~
../Core/Src/main.c:89:13: warning: unused variable 'hptw' [-Wunused-variable]
   89 |  BaseType_t hptw = SET;
      |             ^~~~
../Core/Src/main.c:88:14: warning: unused variable 'queueData' [-Wunused-variable]
   88 |  queueData_t queueData;
      |              ^~~~~~~~~
../Core/Src/main.c: In function 'sndTask':
../Core/Src/main.c:156:20: warning: passing argument 1 of 'i2c_set_txBuffer' from incompatible pointer type [-Wincompatible-pointer-types]
  156 |   i2c_set_txBuffer(&test, strlen(test));
      |                    ^~~~~
      |                    |
      |                    char (*)[6]
In file included from ../Core/Src/main.c:32:
../Core/Inc/i2c_slave_bluepill.h:152:32: note: expected 'uint8_t *' {aka 'unsigned char *'} but argument is of type 'char (*)[6]'
  152 | void i2c_set_txBuffer(uint8_t* data, uint8_t size);
      |                       ~~~~~~~~~^~~~
arm-none-eabi-gcc -o "i2c_slave_bluepill.elf" @"objects.list"  -lFreeRTOS -mcpu=cortex-m3 -T"C:\Users\germa\Documents\TD3 2024\TD3_egb_2024\WorkspacePruebas\i2c_slave_bluepill\STM32F103C8TX_FLASH.ld" --specs=nosys.specs -Wl,-Map="i2c_slave_bluepill.map" -Wl,--gc-sections -static -Wl,--start-group -lFreeRTOS -Wl,--end-group -L"C:\Users\germa\Documents\TD3 2024\TD3_egb_2024\WorkspacePruebas\FreeRTOS\Debug" --specs=nano.specs -mfloat-abi=soft -mthumb -Wl,--start-group -lc -lm -Wl,--end-group
Finished building target: i2c_slave_bluepill.elf
 
arm-none-eabi-objdump -h -S  i2c_slave_bluepill.elf  > "i2c_slave_bluepill.list"
arm-none-eabi-objcopy  -O binary  i2c_slave_bluepill.elf  "i2c_slave_bluepill.bin"
arm-none-eabi-size   i2c_slave_bluepill.elf 
   text	   data	    bss	    dec	    hex	filename
  25312	    128	   2440	  27880	   6ce8	i2c_slave_bluepill.elf
Finished building: default.size.stdout
 
Finished building: i2c_slave_bluepill.bin
 
Finished building: i2c_slave_bluepill.list
 
17:36:47 **** Incremental Build of configuration Debug for project td3_ega_2024 ****
make -j4 all 
arm-none-eabi-size   td3_ega_2024.elf 
   text	   data	    bss	    dec	    hex	filename
  41576	    148	   2704	  44428	   ad8c	td3_ega_2024.elf
Finished building: default.size.stdout
 
