21:51:29 **** Build of configuration Debug for project i2c_slave_bluepill ****
make -j4 all 
arm-none-eabi-gcc "../Core/Src/main.c" -mcpu=cortex-m3 -std=gnu11 -g3 -DDEBUG -DUSE_HAL_DRIVER -DSTM32F103xB -c -I../Core/Inc -I../Drivers/STM32F1xx_HAL_Driver/Inc -I../Drivers/STM32F1xx_HAL_Driver/Inc/Legacy -I../Drivers/CMSIS/Device/ST/STM32F1xx/Include -I../Drivers/CMSIS/Include -I"C:/Users/germa/Documents/TD3 2024/TD3_egb_2024/WorkspacePruebas/FreeRTOS/Inc" -O0 -ffunction-sections -fdata-sections -Wall -fstack-usage -MMD -MP -MF"Core/Src/main.d" -MT"Core/Src/main.o" --specs=nano.specs -mfloat-abi=soft -mthumb -o "Core/Src/main.o"
../Core/Src/main.c: In function 'i2c_slave_rx_process':
../Core/Src/main.c:105:15: warning: pointer targets in passing argument 2 of 'strcpy' differ in signedness [-Wpointer-sign]
  105 |  strcpy(test, data);
      |               ^~~~
      |               |
      |               uint8_t * {aka unsigned char *}
In file included from ../Core/Src/main.c:31:
c:\program files (x86)\stm32cubeide_1.6.1\stm32cubeide\plugins\com.st.stm32cube.ide.mcu.externaltools.gnu-tools-for-stm32.9-2020-q2-update.win32_1.5.0.202011040924\tools\arm-none-eabi\include\string.h:38:8: note: expected 'const char * restrict' but argument is of type 'uint8_t *' {aka 'unsigned char *'}
   38 | char  *strcpy (char *__restrict, const char *__restrict);
      |        ^~~~~~
../Core/Src/main.c:111:27: warning: cast to pointer from integer of different size [-Wint-to-pointer-cast]
  111 |   value = (uint16_t) atoi((char*) test[18]);
      |                           ^
../Core/Src/main.c:64:15: warning: pointer targets in passing argument 1 of 'i2c_set_txBuffer' differ in signedness [-Wpointer-sign]
   64 | #define MSGNO "00,l,x,xxxxxxx1,x,4,$"
      |               ^~~~~~~~~~~~~~~~~~~~~~~
      |               |
      |               char *
../Core/Src/main.c:114:22: note: in expansion of macro 'MSGNO'
  114 |     i2c_set_txBuffer(MSGNO, strlen(MSGNO));//responde que no hay informacion
      |                      ^~~~~
In file included from ../Core/Src/main.c:32:
../Core/Inc/i2c_slave_bluepill.h:152:32: note: expected 'uint8_t *' {aka 'unsigned char *'} but argument is of type 'char *'
  152 | void i2c_set_txBuffer(uint8_t* data, uint8_t size);
      |                       ~~~~~~~~~^~~~
../Core/Src/main.c:63:15: warning: pointer targets in passing argument 1 of 'i2c_set_txBuffer' differ in signedness [-Wpointer-sign]
   63 | #define MSGOK "00,l,x,xxxxxxx1,x,5,$"
      |               ^~~~~~~~~~~~~~~~~~~~~~~
      |               |
      |               char *
../Core/Src/main.c:117:22: note: in expansion of macro 'MSGOK'
  117 |     i2c_set_txBuffer(MSGOK, strlen(MSGOK));//responde que hay informacion
      |                      ^~~~~
In file included from ../Core/Src/main.c:32:
../Core/Inc/i2c_slave_bluepill.h:152:32: note: expected 'uint8_t *' {aka 'unsigned char *'} but argument is of type 'char *'
  152 | void i2c_set_txBuffer(uint8_t* data, uint8_t size);
      |                       ~~~~~~~~~^~~~
../Core/Src/main.c:64:15: warning: pointer targets in passing argument 1 of 'i2c_set_txBuffer' differ in signedness [-Wpointer-sign]
   64 | #define MSGNO "00,l,x,xxxxxxx1,x,4,$"
      |               ^~~~~~~~~~~~~~~~~~~~~~~
      |               |
      |               char *
../Core/Src/main.c:125:26: note: in expansion of macro 'MSGNO'
  125 |         i2c_set_txBuffer(MSGNO, strlen(MSGNO));//responde que no hay informacion
      |                          ^~~~~
In file included from ../Core/Src/main.c:32:
../Core/Inc/i2c_slave_bluepill.h:152:32: note: expected 'uint8_t *' {aka 'unsigned char *'} but argument is of type 'char *'
  152 | void i2c_set_txBuffer(uint8_t* data, uint8_t size);
      |                       ~~~~~~~~~^~~~
../Core/Src/main.c:62:14: warning: pointer targets in passing argument 1 of 'i2c_set_txBuffer' differ in signedness [-Wpointer-sign]
   62 | #define MSG3 "01,r,1,xxxx1111,0,5,$"
      |              ^~~~~~~~~~~~~~~~~~~~~~~
      |              |
      |              char *
../Core/Src/main.c:129:26: note: in expansion of macro 'MSG3'
  129 |         i2c_set_txBuffer(MSG3, strlen(MSG3));//responde mensaje 1: acceso de usuario
      |                          ^~~~
In file included from ../Core/Src/main.c:32:
../Core/Inc/i2c_slave_bluepill.h:152:32: note: expected 'uint8_t *' {aka 'unsigned char *'} but argument is of type 'char *'
  152 | void i2c_set_txBuffer(uint8_t* data, uint8_t size);
      |                       ~~~~~~~~~^~~~
../Core/Src/main.c:66:14: warning: pointer targets in passing argument 1 of 'i2c_set_txBuffer' differ in signedness [-Wpointer-sign]
   66 | #define MSGA "02,a,1,5,$"
      |              ^~~~~~~~~~~~
      |              |
      |              char *
../Core/Src/main.c:133:26: note: in expansion of macro 'MSGA'
  133 |         i2c_set_txBuffer(MSGA, strlen(MSGA));//responde mensaje 2: actuador
      |                          ^~~~
In file included from ../Core/Src/main.c:32:
../Core/Inc/i2c_slave_bluepill.h:152:32: note: expected 'uint8_t *' {aka 'unsigned char *'} but argument is of type 'char *'
  152 | void i2c_set_txBuffer(uint8_t* data, uint8_t size);
      |                       ~~~~~~~~~^~~~
../Core/Src/main.c:62:14: warning: pointer targets in passing argument 1 of 'i2c_set_txBuffer' differ in signedness [-Wpointer-sign]
   62 | #define MSG3 "01,r,1,xxxx1111,0,5,$"
      |              ^~~~~~~~~~~~~~~~~~~~~~~
      |              |
      |              char *
../Core/Src/main.c:148:22: note: in expansion of macro 'MSG3'
  148 |     i2c_set_txBuffer(MSG3, strlen(MSG3));//responde acceso ok
      |                      ^~~~
In file included from ../Core/Src/main.c:32:
../Core/Inc/i2c_slave_bluepill.h:152:32: note: expected 'uint8_t *' {aka 'unsigned char *'} but argument is of type 'char *'
  152 | void i2c_set_txBuffer(uint8_t* data, uint8_t size);
      |                       ~~~~~~~~~^~~~
../Core/Src/main.c:65:16: warning: pointer targets in passing argument 1 of 'i2c_set_txBuffer' differ in signedness [-Wpointer-sign]
   65 | #define MSGDEN "01,r,x,xxxx1110,x,6,$"
      |                ^~~~~~~~~~~~~~~~~~~~~~~
      |                |
      |                char *
../Core/Src/main.c:152:22: note: in expansion of macro 'MSGDEN'
  152 |     i2c_set_txBuffer(MSGDEN, strlen(MSGDEN));//responde acceso den
      |                      ^~~~~~
In file included from ../Core/Src/main.c:32:
../Core/Inc/i2c_slave_bluepill.h:152:32: note: expected 'uint8_t *' {aka 'unsigned char *'} but argument is of type 'char *'
  152 | void i2c_set_txBuffer(uint8_t* data, uint8_t size);
      |                       ~~~~~~~~~^~~~
../Core/Src/main.c:94:11: warning: variable 'value' set but not used [-Wunused-but-set-variable]
   94 |  uint16_t value;
      |           ^~~~~
../Core/Src/main.c:93:13: warning: unused variable 'hptw' [-Wunused-variable]
   93 |  BaseType_t hptw = SET;
      |             ^~~~
../Core/Src/main.c:92:14: warning: unused variable 'queueData' [-Wunused-variable]
   92 |  queueData_t queueData;
      |              ^~~~~~~~~
../Core/Src/main.c: In function 'sndTask':
../Core/Src/main.c:227:20: warning: passing argument 1 of 'i2c_set_txBuffer' from incompatible pointer type [-Wincompatible-pointer-types]
  227 |   i2c_set_txBuffer(&test, strlen(test));
      |                    ^~~~~
      |                    |
      |                    char (*)[6]
In file included from ../Core/Src/main.c:32:
../Core/Inc/i2c_slave_bluepill.h:152:32: note: expected 'uint8_t *' {aka 'unsigned char *'} but argument is of type 'char (*)[6]'
  152 | void i2c_set_txBuffer(uint8_t* data, uint8_t size);
      |                       ~~~~~~~~~^~~~
arm-none-eabi-gcc -o "i2c_slave_bluepill.elf" @"objects.list"  -lFreeRTOS -mcpu=cortex-m3 -T"C:\Users\germa\Documents\TD3 2024\TD3_egb_2024\WorkspacePruebas\i2c_slave_bluepill\STM32F103C8TX_FLASH.ld" --specs=nosys.specs -Wl,-Map="i2c_slave_bluepill.map" -Wl,--gc-sections -static -Wl,--start-group -lFreeRTOS -Wl,--end-group -L"C:\Users\germa\Documents\TD3 2024\TD3_egb_2024\WorkspacePruebas\FreeRTOS\Debug" --specs=nano.specs -mfloat-abi=soft -mthumb -Wl,--start-group -lc -lm -Wl,--end-group
Finished building target: i2c_slave_bluepill.elf
 
arm-none-eabi-objdump -h -S  i2c_slave_bluepill.elf  > "i2c_slave_bluepill.list"
arm-none-eabi-objcopy  -O binary  i2c_slave_bluepill.elf  "i2c_slave_bluepill.bin"
arm-none-eabi-size   i2c_slave_bluepill.elf 
Finished building: i2c_slave_bluepill.bin
 
   text	   data	    bss	    dec	    hex	filename
  25292	    128	   2440	  27860	   6cd4	i2c_slave_bluepill.elf
Finished building: default.size.stdout
 
Finished building: i2c_slave_bluepill.list
 

21:51:40 Build Finished. 0 errors, 13 warnings. (took 11s.195ms)

