menu.h:23:6:MEN_BuildMenu	24	static
menu.h:40:6:MEN_Next	24	static
menu.h:49:6:MEN_Prev	24	static
menu.h:57:6:MEN_Maestra	24	static
menu.h:66:6:MEN_Cancelar	24	static
menu.h:76:6:MEN_Aceptar	24	static
menu.h:87:6:MEN_Menu	24	static
menu.h:96:6:MEN_Last	24	static
menu.h:105:6:MEN_DeleteMenu	16	static
main.c:100:13:dummyDataMemoryRecording	144	static
main.c:115:6:display_Print	64	static
main.c:127:13:t_Menu	1480	static
main.c:396:13:t_Display	88	static
main.c:470:13:t_Flash	168	static
main.c:527:13:t_ControlAcceso	232	static
main.c:652:13:t_Actuadores	32	static
main.c:725:13:t_Teclado	48	static
main.c:786:9:compare_act	16	static
main.c:795:9:compare_user	16	static
main.c:804:6:emptyaux_ac	16	static
main.c:809:6:emptyaux_us	16	static
main.c:816:6:clraux	24	static
main.c:825:13:t_Comextern	72	static
main.c:1015:13:err	16	static
main.c:1020:7:HAL_GPIO_EXTI_Callback	32	static,ignoring_inline_asm
main.c:1057:5:main	80	static
main.c:1141:6:SystemClock_Config	72	static
main.c:1180:13:MX_I2C1_Init	8	static
main.c:1214:13:MX_I2C2_Init	8	static
main.c:1248:13:MX_TIM2_Init	32	static
main.c:1293:13:MX_GPIO_Init	40	static
main.c:1372:6:HAL_TIM_PeriodElapsedCallback	16	static
main.c:1396:6:Error_Handler	4	static,ignoring_inline_asm
